{
    "id": "3",
    "customer-id": "3",
    "customer": {
        "id": "2",
        "name": "Teamleader",
        "since": "2015-01-15",
        "revenue": "1505.95"
    },
    "items": {
        "0": {
            "product-id": "A100",
            "category": "3",
            "quantity": "2",
            "unit-price": "9.75",
            "total": "19.50"
        },
        "1": {
            "product-id": "A101",
            "category": "2",
            "quantity": "5",
            "unit-price": "10",
            "total": "50.00"
        },
        "2": {
            "product-id": "A101b",
            "category": "2",
            "quantity": "4",
            "unit-price": "10",
            "total": "40.00"
        },
        "4": {
            "product-id": "A103",
            "category": "1",
            "quantity": "3",
            "unit-price": "33.33",
            "total": "99.99"
        },
        "5": {
            "product-id": "A104",
            "category": "1",
            "quantity": "5",
            "unit-price": "50.00",
            "total": "250.00"
        },
        "6": {
            "product-id": "A102",
            "category": "1",
            "quantity": "1",
            "unit-price": "49.50",
            "total": "39.60",
            "discounts": [
                "9.90"
            ]
        },
        "7": {
            "product-id": "A101",
            "quantity": "2",
            "unit-price": "10.00",
            "total": "0.00",
            "discounts": [
                "10.00"
            ]
        }
    },
    "total": "449.18"
}
