{
    "id": "3",
    "customer-id": "2",
    "customer": {
        "id": "2",
        "name": "Teamleader",
        "since": "2015-01-15",
        "revenue": "1505.95"
    },
    "items": [
        {
            "product-id": "A100",
            "quantity": "2",
            "unit-price": "9.75",
            "total": "19.50",
            "product": null
        },
        {
            "product-id": "B101",
            "quantity": "5",
            "unit-price": "4.99",
            "total": "24.95",
            "product": {
                "id": "B101",
                "description": "Basic on-off switch",
                "category": "2",
                "price": "4.99"
            }
        },
        {
            "product-id": "B102",
            "quantity": "4",
            "unit-price": "4.99",
            "total": "19.96",
            "product": {
                "id": "B102",
                "description": "Press button",
                "category": "2",
                "price": "4.99"
            }
        },
        {
            "product-id": "A102",
            "quantity": "1",
            "unit-price": "49.50",
            "total": "49.50",
            "product": {
                "id": "A102",
                "description": "Electric screwdriver",
                "category": "1",
                "price": "49.50"
            }
        },
        {
            "product-id": "A103",
            "quantity": "3",
            "unit-price": "33.33",
            "total": "99.99",
            "product": null
        },
        {
            "product-id": "A104",
            "quantity": "5",
            "unit-price": "50.00",
            "total": "250.00",
            "product": null
        },
        {
            "product-id": "B101",
            "quantity": "2",
            "unit-price": "4.99",
            "total": "0.00",
            "discounts": [
                {
                    "description": "Buy 2 get 1 free.",
                    "discounted_amount": "9.98"
                }
            ]
        },
        {
            "product-id": "B102",
            "quantity": "2",
            "unit-price": "4.99",
            "total": "0.00",
            "discounts": [
                {
                    "description": "Buy 2 get 1 free.",
                    "discounted_amount": "9.98"
                }
            ]
        }
    ],
    "total": "508.99"
}
