{
    "id": "3",
    "customer-id": "3",
    "items": {
        "0": {
            "product-id": "A100",
            "category": "3",
            "quantity": "2",
            "unit-price": "9.75",
            "total": "19.50"
        },
        "1": {
            "product-id": "A101",
            "category": "3",
            "quantity": "9",
            "unit-price": "10",
            "total": "90.00"
        },
        "3": {
            "product-id": "A103",
            "category": "2",
            "quantity": "3",
            "unit-price": "33.33",
            "total": "99.99"
        },
        "4": {
            "product-id": "A104",
            "category": "2",
            "quantity": "5",
            "unit-price": "50.00",
            "total": "250.00"
        },
        "5": {
            "product-id": "A102",
            "category": "2",
            "quantity": "1",
            "unit-price": "49.50",
            "total": "41.96115",
            "discounts": {
                "15.23%": 7.5388499999999992
            }
        }
    },
    "total": 501.45114999999998
}
